/Library/Frameworks/Python.framework/Versions/3.11/lib/python3.11/site-packages/scipy/stats/_qmc.py:763: UserWarning: The balance properties of Sobol' points require n to be a power of 2.
  sample = self._random(n, workers=workers)
[dagger round 1] config 1/24 done (72 candidates, 31 kept so far)
[dagger round 1] config 2/24 done (61 candidates, 55 kept so far)
[dagger round 1] config 3/24 done (103 candidates, 103 kept so far)
[dagger round 1] config 4/24 done (57 candidates, 130 kept so far)
[dagger round 1] config 5/24 done (88 candidates, 171 kept so far)
[dagger round 1] config 6/24 done (58 candidates, 197 kept so far)
[dagger round 1] config 7/24 done (64 candidates, 229 kept so far)
[dagger round 1] config 8/24 done (60 candidates, 266 kept so far)
[dagger round 1] config 9/24 done (75 candidates, 310 kept so far)
[dagger round 1] config 10/24 done (75 candidates, 345 kept so far)
[dagger round 1] config 11/24 done (51 candidates, 369 kept so far)
[dagger round 1] config 12/24 done (59 candidates, 398 kept so far)
[dagger round 1] config 13/24 done (68 candidates, 420 kept so far)
[dagger round 1] config 14/24 done (61 candidates, 446 kept so far)
[dagger round 1] config 15/24 done (56 candidates, 470 kept so far)
[dagger round 1] config 16/24 done (62 candidates, 498 kept so far)
[dagger round 1] config 17/24 done (63 candidates, 526 kept so far)
[dagger round 1] config 18/24 done (71 candidates, 565 kept so far)
[dagger round 1] config 19/24 done (69 candidates, 606 kept so far)
[dagger round 1] config 20/24 done (59 candidates, 633 kept so far)
[dagger round 1] config 21/24 done (63 candidates, 662 kept so far)
[dagger round 1] config 22/24 done (66 candidates, 687 kept so far)
[dagger round 1] config 23/24 done (54 candidates, 709 kept so far)
[dagger round 1] config 24/24 done (56 candidates, 732 kept so far)
[dagger round 1] added 732 relabeled points -> /Users/quix28/Desktop/Yaz Proje/pinn/data/dataset_round1.npz
[epoch   0] val_data_mse=18.5427 val_combined=61.6137 best=61.6137@0  w=(1.00,0.00,0.00,0.00)
[epoch  20] val_data_mse=22.9858 val_combined=229.4903 best=61.6137@0  w=(1.00,0.00,0.00,0.00)
[epoch  40] val_data_mse=24.6017 val_combined=402.1650 best=61.6137@0  w=(1.00,0.00,0.00,0.00)
[epoch  60] val_data_mse=26.2519 val_combined=361.8022 best=61.6137@0  w=(1.00,0.00,0.00,0.00)
[epoch  80] val_data_mse=23.7712 val_combined=64.3013 best=43.9309@77  w=(0.91,0.14,0.07,0.01)
[epoch 100] val_data_mse=22.5978 val_combined=31.2968 best=31.2968@100  w=(0.81,0.27,0.13,0.03)
[epoch 120] val_data_mse=22.2011 val_combined=25.5367 best=25.5367@120  w=(0.72,0.40,0.20,0.04)
[epoch 140] val_data_mse=21.9549 val_combined=29.3936 best=25.5367@120  w=(0.62,0.54,0.27,0.05)
[epoch 160] val_data_mse=21.8281 val_combined=27.1131 best=25.0949@159  w=(0.53,0.67,0.34,0.07)
[epoch 180] val_data_mse=21.8490 val_combined=26.4528 best=24.0450@165  w=(0.44,0.80,0.40,0.08)
[epoch 200] val_data_mse=22.2296 val_combined=27.4300 best=23.6587@182  w=(0.34,0.94,0.47,0.09)
[epoch 220] val_data_mse=21.8381 val_combined=24.9851 best=23.6587@182  w=(0.30,1.00,0.50,0.10)
[early stop] no val improvement for 40 epochs
[train] best val_combined=23.6587 @epoch 182 -> /Users/quix28/Desktop/Yaz Proje/pinn/checkpoints/round1_best.pt
Traceback (most recent call last):
  File "<string>", line 6, in <module>
ValueError: too many values to unpack (expected 2)
