/Library/Frameworks/Python.framework/Versions/3.11/lib/python3.11/site-packages/scipy/stats/_qmc.py:763: UserWarning: The balance properties of Sobol' points require n to be a power of 2.
  sample = self._random(n, workers=workers)
[config   2] kept  80/80 fail_frac=0.00  ml=[0.121, 0.068, 0.334, 0.278]
[config   5] kept  80/80 fail_frac=0.00  ml=[0.137, 0.098, 0.351, 0.265]
[config   1] kept  80/80 fail_frac=0.00  ml=[0.16, 0.118, 0.27, 0.248]
[config   3] kept  80/80 fail_frac=0.00  ml=[0.096, 0.091, 0.237, 0.202]
[config   6] kept  80/80 fail_frac=0.00  ml=[0.143, 0.088, 0.246, 0.227]
[config   0] kept  80/80 fail_frac=0.00  ml=[0.105, 0.082, 0.361, 0.308]
[config   7] kept  80/80 fail_frac=0.00  ml=[0.118, 0.112, 0.303, 0.285]
[config  10] kept  80/80 fail_frac=0.00  ml=[0.132, 0.077, 0.281, 0.302]
[config   8] kept  80/80 fail_frac=0.00  ml=[0.113, 0.072, 0.254, 0.253]
[config   9] kept  80/80 fail_frac=0.00  ml=[0.148, 0.094, 0.317, 0.189]
[config  12] kept  80/80 fail_frac=0.00  ml=[0.091, 0.086, 0.326, 0.234]
[config   4] kept  80/80 fail_frac=0.00  ml=[0.081, 0.061, 0.298, 0.188]
[config  11] kept  80/80 fail_frac=0.00  ml=[0.087, 0.116, 0.35, 0.221]
[config  13] kept  80/80 fail_frac=0.00  ml=[0.125, 0.107, 0.223, 0.316]
[config  15] kept  80/80 fail_frac=0.00  ml=[0.109, 0.103, 0.271, 0.275]
[config  17] kept  80/80 fail_frac=0.00  ml=[0.152, 0.104, 0.255, 0.293]
[config  20] kept  80/80 fail_frac=0.00  ml=[0.089, 0.077, 0.227, 0.283]
[config  19] kept  80/80 fail_frac=0.00  ml=[0.093, 0.107, 0.288, 0.262]
[config  16] kept  79/80 fail_frac=0.01  ml=[0.107, 0.067, 0.313, 0.23]
[config  14] kept  80/80 fail_frac=0.00  ml=[0.154, 0.065, 0.378, 0.212]
[config  22] kept  80/80 fail_frac=0.00  ml=[0.145, 0.074, 0.279, 0.306]
[config  18] kept  80/80 fail_frac=0.00  ml=[0.129, 0.083, 0.341, 0.18]
[config  21] kept  80/80 fail_frac=0.00  ml=[0.134, 0.113, 0.324, 0.203]
[config  27] kept  80/80 fail_frac=0.00  ml=[0.085, 0.101, 0.335, 0.316]
[config  23] kept  80/80 fail_frac=0.00  ml=[0.11, 0.097, 0.372, 0.243]
[config  28] kept  80/80 fail_frac=0.00  ml=[0.098, 0.07, 0.359, 0.294]
[config  25] kept  80/80 fail_frac=0.00  ml=[0.141, 0.109, 0.368, 0.269]
[config  24] kept  80/80 fail_frac=0.00  ml=[0.116, 0.088, 0.261, 0.21]
[config  26] kept  80/80 fail_frac=0.00  ml=[0.139, 0.063, 0.233, 0.239]
[config  29] kept  80/80 fail_frac=0.00  ml=[0.123, 0.092, 0.292, 0.218]
[config  30] kept  80/80 fail_frac=0.00  ml=[0.156, 0.079, 0.307, 0.256]
[config  33] kept  80/80 fail_frac=0.00  ml=[0.156, 0.09, 0.347, 0.304]
[config  34] kept  80/80 fail_frac=0.00  ml=[0.124, 0.082, 0.252, 0.204]
[config  35] kept  80/80 fail_frac=0.00  ml=[0.1, 0.119, 0.319, 0.282]
[config  31] kept  80/80 fail_frac=0.00  ml=[0.102, 0.118, 0.244, 0.196]
[config  32] kept  80/80 fail_frac=0.00  ml=[0.101, 0.069, 0.284, 0.245]
[config  36] kept  80/80 fail_frac=0.00  ml=[0.083, 0.089, 0.375, 0.259]
[config  37] kept  80/80 fail_frac=0.00  ml=[0.138, 0.111, 0.273, 0.183]
[config  38] kept  80/80 fail_frac=0.00  ml=[0.141, 0.06, 0.329, 0.291]
[config  41] kept  80/80 fail_frac=0.00  ml=[0.147, 0.115, 0.239, 0.258]
[config  43] kept  80/80 fail_frac=0.00  ml=[0.088, 0.095, 0.267, 0.297]
[config  39] kept  80/80 fail_frac=0.00  ml=[0.117, 0.099, 0.22, 0.232]
[config  40] kept  80/80 fail_frac=0.00  ml=[0.112, 0.078, 0.332, 0.195]
[config  42] kept  80/80 fail_frac=0.00  ml=[0.134, 0.071, 0.364, 0.215]
[config  44] kept  80/80 fail_frac=0.00  ml=[0.094, 0.066, 0.249, 0.318]
[config  46] kept  80/80 fail_frac=0.00  ml=[0.15, 0.085, 0.295, 0.272]
[config  45] kept  80/80 fail_frac=0.00  ml=[0.129, 0.102, 0.3, 0.238]
[config  48] kept  80/80 fail_frac=0.00  ml=[0.108, 0.083, 0.231, 0.288]
[config  49] kept  80/80 fail_frac=0.00  ml=[0.153, 0.105, 0.338, 0.224]
[config  47] kept  80/80 fail_frac=0.00  ml=[0.105, 0.108, 0.353, 0.208]
[config  50] kept  80/80 fail_frac=0.00  ml=[0.127, 0.066, 0.263, 0.267]
[config  53] kept  80/80 fail_frac=0.00  ml=[0.13, 0.096, 0.242, 0.28]
[config  55] kept  80/80 fail_frac=0.00  ml=[0.114, 0.114, 0.295, 0.309]
[config  52] kept  80/80 fail_frac=0.00  ml=[0.086, 0.075, 0.31, 0.199]
[config  51] kept  80/80 fail_frac=0.00  ml=[0.092, 0.105, 0.366, 0.186]
[config  54] kept  80/80 fail_frac=0.00  ml=[0.149, 0.076, 0.356, 0.246]
[config  56] kept  80/80 fail_frac=0.00  ml=[0.12, 0.064, 0.343, 0.272]
[config  59] kept  80/80 fail_frac=0.00  ml=[0.081, 0.11, 0.258, 0.237]
[config  57] kept  80/80 fail_frac=0.00  ml=[0.145, 0.1, 0.286, 0.213]
[config  61] kept  80/80 fail_frac=0.00  ml=[0.122, 0.117, 0.375, 0.3]
[config  58] kept  80/80 fail_frac=0.00  ml=[0.136, 0.087, 0.311, 0.312]
[config  60] kept  80/80 fail_frac=0.00  ml=[0.096, 0.08, 0.276, 0.223]
[config  62] kept  80/80 fail_frac=0.00  ml=[0.158, 0.07, 0.23, 0.192]
[config  63] kept  80/80 fail_frac=0.00  ml=[0.103, 0.093, 0.322, 0.25]
[config  65] kept  80/80 fail_frac=0.00  ml=[0.159, 0.099, 0.327, 0.273]
[config  66] kept  80/80 fail_frac=0.00  ml=[0.122, 0.09, 0.272, 0.235]
[config  67] kept  80/80 fail_frac=0.00  ml=[0.097, 0.111, 0.379, 0.312]
[config  64] kept  80/80 fail_frac=0.00  ml=[0.103, 0.061, 0.224, 0.215]
[config  69] kept  80/80 fail_frac=0.00  ml=[0.135, 0.12, 0.254, 0.223]
[config  73] kept  80/80 fail_frac=0.00  ml=[0.149, 0.109, 0.299, 0.289]
[config  68] kept  80/80 fail_frac=0.00  ml=[0.08, 0.081, 0.315, 0.298]
[config  71] kept  80/80 fail_frac=0.00  ml=[0.119, 0.091, 0.28, 0.192]
[config  72] kept  80/80 fail_frac=0.00  ml=[0.115, 0.085, 0.352, 0.226]
[config  70] kept  80/80 fail_frac=0.00  ml=[0.144, 0.069, 0.348, 0.252]
[config  75] kept  80/80 fail_frac=0.00  ml=[0.086, 0.102, 0.247, 0.266]
[config  76] kept  80/80 fail_frac=0.00  ml=[0.092, 0.072, 0.268, 0.279]
[config  78] kept  80/80 fail_frac=0.00  ml=[0.153, 0.079, 0.235, 0.311]
[config  80] kept  80/80 fail_frac=0.00  ml=[0.106, 0.075, 0.291, 0.257]
[config  77] kept  80/80 fail_frac=0.00  ml=[0.126, 0.095, 0.36, 0.198]
[config  79] kept  80/80 fail_frac=0.00  ml=[0.108, 0.115, 0.334, 0.247]
[config  81] kept  80/80 fail_frac=0.00  ml=[0.151, 0.114, 0.358, 0.193]
[config  82] kept  80/80 fail_frac=0.00  ml=[0.13, 0.074, 0.243, 0.297]
[config  74] kept  80/80 fail_frac=0.00  ml=[0.131, 0.065, 0.304, 0.185]
[config  87] kept  80/80 fail_frac=0.00  ml=[0.111, 0.105, 0.235, 0.27]
[config  83] kept  80/80 fail_frac=0.00  ml=[0.095, 0.096, 0.306, 0.217]
[config  85] kept  80/80 fail_frac=0.00  ml=[0.133, 0.104, 0.261, 0.32]
[config  84] kept  80/80 fail_frac=0.00  ml=[0.088, 0.066, 0.37, 0.238]
[config  86] kept  80/80 fail_frac=0.00  ml=[0.147, 0.084, 0.337, 0.207]
[config  88] kept  80/80 fail_frac=0.00  ml=[0.117, 0.07, 0.323, 0.303]
[config  89] kept  80/80 fail_frac=0.00  ml=[0.142, 0.093, 0.226, 0.243]
[config  90] kept  80/80 fail_frac=0.00  ml=[0.138, 0.08, 0.371, 0.282]
[config  93] kept  80/80 fail_frac=0.00  ml=[0.124, 0.11, 0.315, 0.261]
[config  94] kept  80/80 fail_frac=0.00  ml=[0.155, 0.063, 0.29, 0.231]
[config  92] kept  80/80 fail_frac=0.00  ml=[0.099, 0.086, 0.257, 0.183]
[config  95] kept  80/80 fail_frac=0.00  ml=[0.1, 0.1, 0.341, 0.29]
[config  96] kept  80/80 fail_frac=0.00  ml=[0.102, 0.089, 0.302, 0.268]
[config  97] kept  80/80 fail_frac=0.00  ml=[0.157, 0.112, 0.25, 0.209]
[config  91] kept  78/80 fail_frac=0.03  ml=[0.083, 0.117, 0.278, 0.206]
[config 101] kept  80/80 fail_frac=0.00  ml=[0.139, 0.092, 0.331, 0.296]
[config  98] kept  80/80 fail_frac=0.00  ml=[0.123, 0.062, 0.355, 0.317]
[config  99] kept  80/80 fail_frac=0.00  ml=[0.098, 0.098, 0.297, 0.241]
[config 100] kept  80/80 fail_frac=0.00  ml=[0.084, 0.068, 0.238, 0.219]
[config 102] kept  80/80 fail_frac=0.00  ml=[0.14, 0.082, 0.266, 0.196]
[config 103] kept  80/80 fail_frac=0.00  ml=[0.116, 0.119, 0.363, 0.255]
[config 104] kept  80/80 fail_frac=0.00  ml=[0.111, 0.064, 0.275, 0.292]
[config 106] kept  80/80 fail_frac=0.00  ml=[0.135, 0.085, 0.222, 0.262]
[config 105] kept  80/80 fail_frac=0.00  ml=[0.146, 0.103, 0.377, 0.229]
[config 109] kept  80/80 fail_frac=0.00  ml=[0.128, 0.116, 0.283, 0.285]
[config 108] kept  80/80 fail_frac=0.00  ml=[0.093, 0.078, 0.346, 0.203]
[config 107] kept  80/80 fail_frac=0.00  ml=[0.09, 0.107, 0.329, 0.182]
[config 113] kept  80/80 fail_frac=0.00  ml=[0.154, 0.097, 0.276, 0.254]
[config 111] kept  80/80 fail_frac=0.00  ml=[0.106, 0.094, 0.251, 0.305]
[config 113] kept  80/80 fail_frac=0.00  ml=[0.154, 0.097, 0.276, 0.254]
[config 112] kept  80/80 fail_frac=0.00  ml=[0.11, 0.073, 0.373, 0.19]
[config 115] kept  80/80 fail_frac=0.00  ml=[0.091, 0.113, 0.229, 0.301]
[config 116] kept  80/80 fail_frac=0.00  ml=[0.087, 0.083, 0.287, 0.314]
[config 114] kept  80/80 fail_frac=0.00  ml=[0.126, 0.076, 0.32, 0.219]
[config 117] kept  80/80 fail_frac=0.00  ml=[0.131, 0.106, 0.344, 0.233]
[config 119] kept  80/80 fail_frac=0.00  ml=[0.113, 0.103, 0.312, 0.212]
[config 120] kept  80/80 fail_frac=0.00  ml=[0.118, 0.08, 0.24, 0.25]
[config 118] kept  80/80 fail_frac=0.00  ml=[0.148, 0.067, 0.259, 0.276]
[config 121] kept  80/80 fail_frac=0.00  ml=[0.144, 0.118, 0.309, 0.308]
[config 123] kept  80/80 fail_frac=0.00  ml=[0.082, 0.092, 0.356, 0.277]
[config 125] kept  80/80 fail_frac=0.00  ml=[0.12, 0.101, 0.232, 0.187]
[config 126] kept  80/80 fail_frac=0.00  ml=[0.159, 0.087, 0.367, 0.287]
[config 122] kept  80/80 fail_frac=0.00  ml=[0.137, 0.071, 0.293, 0.2]
[config 124] kept  80/80 fail_frac=0.00  ml=[0.095, 0.062, 0.339, 0.263]
[config 128] kept  80/80 fail_frac=0.00  ml=[0.104, 0.072, 0.337, 0.302]
[config 127] kept  80/80 fail_frac=0.00  ml=[0.104, 0.109, 0.264, 0.227]
[config 129] kept  80/80 fail_frac=0.00  ml=[0.159, 0.095, 0.234, 0.221]
[config 131] kept  80/80 fail_frac=0.00  ml=[0.095, 0.115, 0.262, 0.19]
[config 133] kept  80/80 fail_frac=0.00  ml=[0.137, 0.108, 0.305, 0.275]
[config 130] kept  80/80 fail_frac=0.00  ml=[0.12, 0.078, 0.369, 0.253]
[config 132] kept  80/80 fail_frac=0.00  ml=[0.082, 0.085, 0.244, 0.211]
[config 135] kept  80/80 fail_frac=0.00  ml=[0.119, 0.101, 0.358, 0.315]
[config 134] kept  80/80 fail_frac=0.00  ml=[0.143, 0.065, 0.291, 0.235]
[config 136] kept  80/80 fail_frac=0.00  ml=[0.113, 0.081, 0.289, 0.278]
[config 137] kept  80/80 fail_frac=0.00  ml=[0.148, 0.119, 0.342, 0.201]
[config 138] kept  80/80 fail_frac=0.00  ml=[0.132, 0.069, 0.257, 0.307]
[config 139] kept  80/80 fail_frac=0.00  ml=[0.086, 0.09, 0.314, 0.249]
[config 141] kept  80/80 fail_frac=0.00  ml=[0.126, 0.099, 0.278, 0.286]
[config 140] kept  80/80 fail_frac=0.00  ml=[0.091, 0.06, 0.371, 0.226]
[config 143] kept  80/80 fail_frac=0.00  ml=[0.109, 0.112, 0.225, 0.265]
[config 142] kept  79/80 fail_frac=0.01  ml=[0.155, 0.09, 0.324, 0.189]
[config 145] kept  80/80 fail_frac=0.00  ml=[0.151, 0.11, 0.281, 0.316]
[config 147] kept  80/80 fail_frac=0.00  ml=[0.093, 0.099, 0.253, 0.269]
[config 144] kept  80/80 fail_frac=0.00  ml=[0.107, 0.087, 0.348, 0.24]
[config 150] kept  80/80 fail_frac=0.00  ml=[0.146, 0.08, 0.224, 0.294]
[config 146] kept  80/80 fail_frac=0.00  ml=[0.128, 0.063, 0.316, 0.21]
[config 148] kept  80/80 fail_frac=0.00  ml=[0.09, 0.07, 0.272, 0.256]
[config 151] kept  80/80 fail_frac=0.00  ml=[0.111, 0.117, 0.327, 0.217]
[config 149] kept  80/80 fail_frac=0.00  ml=[0.135, 0.094, 0.38, 0.197]
[config 153] kept  80/80 fail_frac=0.00  ml=[0.14, 0.105, 0.333, 0.261]
[config 154] kept  80/80 fail_frac=0.00  ml=[0.139, 0.084, 0.268, 0.229]
[config 157] kept  80/80 fail_frac=0.00  ml=[0.124, 0.113, 0.247, 0.243]
[config 156] kept  80/80 fail_frac=0.00  ml=[0.098, 0.076, 0.305, 0.306]
[config 155] kept  80/80 fail_frac=0.00  ml=[0.084, 0.106, 0.361, 0.293]
[config 158] kept  80/80 fail_frac=0.00  ml=[0.157, 0.075, 0.352, 0.284]
[config 161] kept  80/80 fail_frac=0.00  ml=[0.155, 0.116, 0.312, 0.296]
[config 159] kept  80/80 fail_frac=0.00  ml=[0.102, 0.096, 0.3, 0.202]
[config 160] kept  80/80 fail_frac=0.00  ml=[0.1, 0.077, 0.26, 0.216]
[config 163] kept  80/80 fail_frac=0.00  ml=[0.099, 0.095, 0.345, 0.259]
[config 162] kept  80/80 fail_frac=0.00  ml=[0.124, 0.073, 0.286, 0.195]
[config 164] kept  80/80 fail_frac=0.00  ml=[0.083, 0.064, 0.321, 0.271]
[config 165] kept  80/80 fail_frac=0.00  ml=[0.138, 0.102, 0.228, 0.208]
[config 166] kept  80/80 fail_frac=0.00  ml=[0.142, 0.086, 0.373, 0.319]
[config 167] kept  80/80 fail_frac=0.00  ml=[0.117, 0.107, 0.276, 0.237]
[config 152] kept  80/80 fail_frac=0.00  ml=[0.115, 0.066, 0.236, 0.181]
[config 169] kept  80/80 fail_frac=0.00  ml=[0.146, 0.091, 0.265, 0.281]
[config 168] kept  80/80 fail_frac=0.00  ml=[0.112, 0.068, 0.366, 0.205]
[config 172] kept  80/80 fail_frac=0.00  ml=[0.095, 0.088, 0.293, 0.291]
[config 170] kept  80/80 fail_frac=0.00  ml=[0.133, 0.082, 0.34, 0.245]
[config 171] kept  80/80 fail_frac=0.00  ml=[0.088, 0.118, 0.232, 0.304]
[config 173] kept  80/80 fail_frac=0.00  ml=[0.13, 0.112, 0.356, 0.232]
[config 174] kept  80/80 fail_frac=0.00  ml=[0.151, 0.061, 0.241, 0.26]
[config 176] kept  80/80 fail_frac=0.00  ml=[0.108, 0.062, 0.265, 0.313]
[config 175] kept  80/80 fail_frac=0.00  ml=[0.106, 0.098, 0.308, 0.183]
[config 177] kept  80/80 fail_frac=0.00  ml=[0.153, 0.1, 0.363, 0.236]
[config 181] kept  80/80 fail_frac=0.00  ml=[0.131, 0.118, 0.297, 0.251]
[config 178] kept  80/80 fail_frac=0.00  ml=[0.127, 0.088, 0.239, 0.272]
[config 179] kept  80/80 fail_frac=0.00  ml=[0.091, 0.109, 0.33, 0.213]
[config 183] kept  80/80 fail_frac=0.00  ml=[0.114, 0.093, 0.249, 0.299]
[config 182] kept  80/80 fail_frac=0.00  ml=[0.15, 0.071, 0.302, 0.223]
[config 184] kept  80/80 fail_frac=0.00  ml=[0.119, 0.083, 0.319, 0.267]
[config 180] kept  80/80 fail_frac=0.00  ml=[0.086, 0.079, 0.354, 0.191]
[config 186] kept  80/80 fail_frac=0.00  ml=[0.135, 0.067, 0.345, 0.287]
[config 185] kept  80/80 fail_frac=0.00  ml=[0.144, 0.107, 0.25, 0.186]
[config 187] kept  80/80 fail_frac=0.00  ml=[0.08, 0.104, 0.283, 0.225]
[config 189] kept  80/80 fail_frac=0.00  ml=[0.122, 0.097, 0.329, 0.31]
[config 188] kept  80/80 fail_frac=0.00  ml=[0.097, 0.074, 0.222, 0.246]
[config 191] kept  80/80 fail_frac=0.00  ml=[0.104, 0.113, 0.377, 0.28]
[config 190] kept  80/80 fail_frac=0.00  ml=[0.158, 0.077, 0.274, 0.199]
[config 192] kept  80/80 fail_frac=0.00  ml=[0.103, 0.086, 0.28, 0.185]
[config 193] kept  80/80 fail_frac=0.00  ml=[0.158, 0.108, 0.371, 0.266]
[config 196] kept  80/80 fail_frac=0.00  ml=[0.081, 0.073, 0.341, 0.311]
[config 195] kept  80/80 fail_frac=0.00  ml=[0.097, 0.103, 0.325, 0.289]
[config 194] kept  80/80 fail_frac=0.00  ml=[0.121, 0.064, 0.227, 0.225]
[config 197] kept  80/80 fail_frac=0.00  ml=[0.136, 0.094, 0.288, 0.248]
[config 198] kept  80/80 fail_frac=0.00  ml=[0.145, 0.077, 0.313, 0.279]
[config 199] kept  80/80 fail_frac=0.00  ml=[0.12, 0.115, 0.256, 0.198]

[dataset] 15996 samples from 200 kept configs (0 dropped) in 4152.0s -> /Users/quix28/Desktop/Yaz Proje/pinn/data/seed_dataset.npz
DATASET_DONE (15996, 6)
