[dagger round 1] config 1/48 done (128 candidates, 121 kept so far)
[dagger round 1] config 2/48 done (130 candidates, 241 kept so far)
[dagger round 1] config 3/48 done (150 candidates, 391 kept so far)
[dagger round 1] config 4/48 done (128 candidates, 506 kept so far)
[dagger round 1] config 5/48 done (106 candidates, 604 kept so far)
[dagger round 1] config 6/48 done (105 candidates, 706 kept so far)
[dagger round 1] config 7/48 done (127 candidates, 817 kept so far)
[dagger round 1] config 8/48 done (127 candidates, 942 kept so far)
[dagger round 1] config 9/48 done (105 candidates, 1044 kept so far)
[dagger round 1] config 10/48 done (128 candidates, 1166 kept so far)
[dagger round 1] config 11/48 done (107 candidates, 1269 kept so far)
[dagger round 1] config 12/48 done (128 candidates, 1381 kept so far)
[dagger round 1] config 13/48 done (150 candidates, 1518 kept so far)
[dagger round 1] config 14/48 done (105 candidates, 1616 kept so far)
[dagger round 1] config 15/48 done (106 candidates, 1708 kept so far)
[dagger round 1] config 16/48 done (104 candidates, 1805 kept so far)
[dagger round 1] config 17/48 done (150 candidates, 1955 kept so far)
[dagger round 1] config 18/48 done (128 candidates, 2079 kept so far)
[dagger round 1] config 19/48 done (105 candidates, 2181 kept so far)
[dagger round 1] config 20/48 done (108 candidates, 2276 kept so far)
[dagger round 1] config 21/48 done (150 candidates, 2421 kept so far)
[dagger round 1] config 22/48 done (105 candidates, 2523 kept so far)
[dagger round 1] config 23/48 done (110 candidates, 2623 kept so far)
[dagger round 1] config 24/48 done (105 candidates, 2717 kept so far)
[dagger round 1] config 25/48 done (106 candidates, 2811 kept so far)
[dagger round 1] config 26/48 done (131 candidates, 2940 kept so far)
[dagger round 1] config 27/48 done (127 candidates, 3052 kept so far)
[dagger round 1] config 28/48 done (130 candidates, 3174 kept so far)
[dagger round 1] config 29/48 done (150 candidates, 3311 kept so far)
[dagger round 1] config 30/48 done (128 candidates, 3437 kept so far)
[dagger round 1] config 31/48 done (106 candidates, 3532 kept so far)
[dagger round 1] config 32/48 done (63 candidates, 3585 kept so far)
[dagger round 1] config 33/48 done (127 candidates, 3710 kept so far)
[dagger round 1] config 34/48 done (130 candidates, 3834 kept so far)
[dagger round 1] config 35/48 done (127 candidates, 3952 kept so far)
[dagger round 1] config 36/48 done (150 candidates, 4099 kept so far)
[dagger round 1] config 37/48 done (111 candidates, 4189 kept so far)
[dagger round 1] config 38/48 done (64 candidates, 4244 kept so far)
[dagger round 1] config 39/48 done (104 candidates, 4345 kept so far)
[dagger round 1] config 40/48 done (105 candidates, 4447 kept so far)
[dagger round 1] config 41/48 done (128 candidates, 4572 kept so far)
[dagger round 1] config 42/48 done (86 candidates, 4639 kept so far)
[dagger round 1] config 43/48 done (150 candidates, 4782 kept so far)
[dagger round 1] config 44/48 done (108 candidates, 4875 kept so far)
[dagger round 1] config 45/48 done (150 candidates, 5019 kept so far)
[dagger round 1] config 46/48 done (128 candidates, 5141 kept so far)
[dagger round 1] config 47/48 done (128 candidates, 5263 kept so far)
[dagger round 1] config 48/48 done (150 candidates, 5403 kept so far)
[dagger round 1] added 5403 relabeled points -> pinn/data/v2s_dagger_full/dataset_round1.npz
[epoch   0] val_data_mse=1.2103 val_combined=67.0243 best=67.0243@0  w=(1.00,0.00,0.00,0.00)
[epoch  20] val_data_mse=1.2497 val_combined=95.7849 best=21.5260@3  w=(1.00,0.00,0.00,0.00)
[epoch  40] val_data_mse=1.1425 val_combined=97.0156 best=21.5260@3  w=(1.00,0.00,0.00,0.00)
[epoch  60] val_data_mse=1.2742 val_combined=21.6676 best=21.5260@3  w=(1.00,0.00,0.00,0.00)
[epoch  80] val_data_mse=1.2084 val_combined=3.2446 best=3.2243@76  w=(0.91,0.14,0.07,0.01)
[epoch 100] val_data_mse=1.1722 val_combined=2.3959 best=1.9708@97  w=(0.81,0.27,0.13,0.03)
[epoch 120] val_data_mse=1.2678 val_combined=1.8005 best=1.6797@116  w=(0.72,0.40,0.20,0.04)
[epoch 140] val_data_mse=1.1260 val_combined=2.0781 best=1.5483@134  w=(0.62,0.54,0.27,0.05)
[epoch 160] val_data_mse=1.3469 val_combined=1.4917 best=1.4447@154  w=(0.53,0.67,0.34,0.07)
[epoch 180] val_data_mse=1.2385 val_combined=1.4586 best=1.4166@178  w=(0.44,0.80,0.40,0.08)
[epoch 200] val_data_mse=1.2802 val_combined=2.2176 best=1.3976@185  w=(0.34,0.94,0.47,0.09)
[epoch 220] val_data_mse=1.3124 val_combined=1.5011 best=1.3570@211  w=(0.30,1.00,0.50,0.10)
[epoch 240] val_data_mse=1.3272 val_combined=1.4222 best=1.3570@211  w=(0.30,1.00,0.50,0.10)
[early stop] no val improvement for 40 epochs
[train] best val_combined=1.3570 @epoch 211 -> pinn/checkpoints/v2/stable/dagger_full/round1_best.pt
[dagger round 2] config 1/48 done (108 candidates, 99 kept so far)
[dagger round 2] config 2/48 done (127 candidates, 209 kept so far)
[dagger round 2] config 3/48 done (87 candidates, 287 kept so far)
[dagger round 2] config 4/48 done (128 candidates, 385 kept so far)
[dagger round 2] config 5/48 done (128 candidates, 503 kept so far)
[dagger round 2] config 6/48 done (127 candidates, 621 kept so far)
[dagger round 2] config 7/48 done (127 candidates, 741 kept so far)
[dagger round 2] config 8/48 done (107 candidates, 844 kept so far)
[dagger round 2] config 9/48 done (90 candidates, 922 kept so far)
[dagger round 2] config 10/48 done (108 candidates, 1014 kept so far)
[dagger round 2] config 11/48 done (129 candidates, 1106 kept so far)
[dagger round 2] config 12/48 done (129 candidates, 1226 kept so far)
[dagger round 2] config 13/48 done (108 candidates, 1328 kept so far)
[dagger round 2] config 14/48 done (130 candidates, 1450 kept so far)
[dagger round 2] config 15/48 done (128 candidates, 1568 kept so far)
[dagger round 2] config 16/48 done (104 candidates, 1667 kept so far)
[dagger round 2] config 17/48 done (127 candidates, 1775 kept so far)
[dagger round 2] config 18/48 done (130 candidates, 1896 kept so far)
[dagger round 2] config 19/48 done (150 candidates, 2036 kept so far)
[dagger round 2] config 20/48 done (150 candidates, 2177 kept so far)
[dagger round 2] config 21/48 done (128 candidates, 2304 kept so far)
[dagger round 2] config 22/48 done (106 candidates, 2402 kept so far)
[dagger round 2] config 23/48 done (86 candidates, 2478 kept so far)
[dagger round 2] config 24/48 done (113 candidates, 2576 kept so far)
[dagger round 2] config 25/48 done (105 candidates, 2679 kept so far)
[dagger round 2] config 26/48 done (128 candidates, 2798 kept so far)
[dagger round 2] config 27/48 done (87 candidates, 2869 kept so far)
[dagger round 2] config 28/48 done (106 candidates, 2971 kept so far)
[dagger round 2] config 29/48 done (150 candidates, 3121 kept so far)
[dagger round 2] config 30/48 done (61 candidates, 3177 kept so far)
[dagger round 2] config 31/48 done (131 candidates, 3287 kept so far)
[dagger round 2] config 32/48 done (150 candidates, 3437 kept so far)
[dagger round 2] config 33/48 done (128 candidates, 3561 kept so far)
[dagger round 2] config 34/48 done (106 candidates, 3663 kept so far)
[dagger round 2] config 35/48 done (64 candidates, 3722 kept so far)
[dagger round 2] config 36/48 done (64 candidates, 3770 kept so far)
[dagger round 2] config 37/48 done (83 candidates, 3840 kept so far)
[dagger round 2] config 38/48 done (107 candidates, 3930 kept so far)
[dagger round 2] config 39/48 done (126 candidates, 4042 kept so far)
[dagger round 2] config 40/48 done (107 candidates, 4144 kept so far)
[dagger round 2] config 41/48 done (106 candidates, 4228 kept so far)
[dagger round 2] config 42/48 done (130 candidates, 4341 kept so far)
[dagger round 2] config 43/48 done (108 candidates, 4434 kept so far)
[dagger round 2] config 44/48 done (150 candidates, 4575 kept so far)
[dagger round 2] config 45/48 done (132 candidates, 4701 kept so far)
[dagger round 2] config 46/48 done (150 candidates, 4842 kept so far)
[dagger round 2] config 47/48 done (127 candidates, 4964 kept so far)
[dagger round 2] config 48/48 done (114 candidates, 5066 kept so far)
[dagger round 2] added 5066 relabeled points -> pinn/data/v2s_dagger_full/dataset_round2.npz
[epoch   0] val_data_mse=1.2663 val_combined=37.8990 best=37.8990@0  w=(1.00,0.00,0.00,0.00)
[epoch  20] val_data_mse=1.3511 val_combined=45.2129 best=21.7312@6  w=(1.00,0.00,0.00,0.00)
[epoch  40] val_data_mse=1.5123 val_combined=53.1488 best=21.7312@6  w=(1.00,0.00,0.00,0.00)
[epoch  60] val_data_mse=1.4939 val_combined=23.5764 best=21.7312@6  w=(1.00,0.00,0.00,0.00)
[epoch  80] val_data_mse=1.4467 val_combined=8.2714 best=2.5149@79  w=(0.91,0.14,0.07,0.01)
[epoch 100] val_data_mse=1.5123 val_combined=1.9106 best=1.9106@100  w=(0.81,0.27,0.13,0.03)
[epoch 120] val_data_mse=1.3454 val_combined=2.0526 best=1.7405@115  w=(0.72,0.40,0.20,0.04)
[epoch 140] val_data_mse=1.5178 val_combined=1.6365 best=1.6365@140  w=(0.62,0.54,0.27,0.05)
[epoch 160] val_data_mse=1.5258 val_combined=1.6412 best=1.5524@151  w=(0.53,0.67,0.34,0.07)
[epoch 180] val_data_mse=1.5195 val_combined=1.5142 best=1.4926@170  w=(0.44,0.80,0.40,0.08)
[epoch 200] val_data_mse=1.4932 val_combined=1.9889 best=1.4859@181  w=(0.34,0.94,0.47,0.09)
[epoch 220] val_data_mse=1.5191 val_combined=1.5287 best=1.4594@215  w=(0.30,1.00,0.50,0.10)
[epoch 240] val_data_mse=1.4690 val_combined=1.6853 best=1.4594@215  w=(0.30,1.00,0.50,0.10)
[early stop] no val improvement for 40 epochs
[train] best val_combined=1.4594 @epoch 215 -> pinn/checkpoints/v2/stable/dagger_full/round2_best.pt
[dagger round 3] config 1/48 done (109 candidates, 93 kept so far)
[dagger round 3] config 2/48 done (88 candidates, 169 kept so far)
[dagger round 3] config 3/48 done (127 candidates, 281 kept so far)
[dagger round 3] config 4/48 done (150 candidates, 417 kept so far)
[dagger round 3] config 5/48 done (104 candidates, 501 kept so far)
[dagger round 3] config 6/48 done (109 candidates, 604 kept so far)
[dagger round 3] config 7/48 done (128 candidates, 728 kept so far)
[dagger round 3] config 8/48 done (109 candidates, 813 kept so far)
[dagger round 3] config 9/48 done (107 candidates, 917 kept so far)
[dagger round 3] config 10/48 done (105 candidates, 1016 kept so far)
[dagger round 3] config 11/48 done (127 candidates, 1140 kept so far)
[dagger round 3] config 12/48 done (150 candidates, 1280 kept so far)
[dagger round 3] config 13/48 done (127 candidates, 1399 kept so far)
[dagger round 3] config 14/48 done (106 candidates, 1499 kept so far)
[dagger round 3] config 15/48 done (150 candidates, 1649 kept so far)
[dagger round 3] config 16/48 done (105 candidates, 1745 kept so far)
[dagger round 3] config 17/48 done (109 candidates, 1848 kept so far)
[dagger round 3] config 18/48 done (64 candidates, 1899 kept so far)
[dagger round 3] config 19/48 done (150 candidates, 2047 kept so far)
[dagger round 3] config 20/48 done (106 candidates, 2144 kept so far)
[dagger round 3] config 21/48 done (127 candidates, 2263 kept so far)
[dagger round 3] config 22/48 done (128 candidates, 2387 kept so far)
[dagger round 3] config 23/48 done (128 candidates, 2508 kept so far)
[dagger round 3] config 24/48 done (87 candidates, 2576 kept so far)
[dagger round 3] config 25/48 done (150 candidates, 2711 kept so far)
[dagger round 3] config 26/48 done (130 candidates, 2836 kept so far)
[dagger round 3] config 27/48 done (150 candidates, 2982 kept so far)
[dagger round 3] config 28/48 done (84 candidates, 3056 kept so far)
[dagger round 3] config 29/48 done (128 candidates, 3177 kept so far)
[dagger round 3] config 30/48 done (87 candidates, 3253 kept so far)
[dagger round 3] config 31/48 done (87 candidates, 3327 kept so far)
[dagger round 3] config 32/48 done (128 candidates, 3444 kept so far)
[dagger round 3] config 33/48 done (108 candidates, 3547 kept so far)
[dagger round 3] config 34/48 done (105 candidates, 3639 kept so far)
[dagger round 3] config 35/48 done (129 candidates, 3763 kept so far)
[dagger round 3] config 36/48 done (128 candidates, 3881 kept so far)
[dagger round 3] config 37/48 done (88 candidates, 3939 kept so far)
[dagger round 3] config 38/48 done (130 candidates, 4065 kept so far)
[dagger round 3] config 39/48 done (131 candidates, 4189 kept so far)
[dagger round 3] config 40/48 done (85 candidates, 4267 kept so far)
[dagger round 3] config 41/48 done (150 candidates, 4415 kept so far)
[dagger round 3] config 42/48 done (106 candidates, 4518 kept so far)
[dagger round 3] config 43/48 done (128 candidates, 4632 kept so far)
[dagger round 3] config 44/48 done (85 candidates, 4711 kept so far)
[dagger round 3] config 45/48 done (107 candidates, 4807 kept so far)
[dagger round 3] config 46/48 done (84 candidates, 4883 kept so far)
[dagger round 3] config 47/48 done (105 candidates, 4977 kept so far)
[dagger round 3] config 48/48 done (128 candidates, 5092 kept so far)
[dagger round 3] added 5092 relabeled points -> pinn/data/v2s_dagger_full/dataset_round3.npz
[epoch   0] val_data_mse=1.3439 val_combined=29.5441 best=29.5441@0  w=(1.00,0.00,0.00,0.00)
[epoch  20] val_data_mse=1.3671 val_combined=39.9312 best=20.6353@2  w=(1.00,0.00,0.00,0.00)
[epoch  40] val_data_mse=1.4366 val_combined=31.5326 best=20.6353@2  w=(1.00,0.00,0.00,0.00)
[epoch  60] val_data_mse=1.5036 val_combined=12.9469 best=12.9469@60  w=(1.00,0.00,0.00,0.00)
[epoch  80] val_data_mse=1.5121 val_combined=3.4998 best=2.4304@79  w=(0.91,0.14,0.07,0.01)
[epoch 100] val_data_mse=1.5243 val_combined=1.9415 best=1.8957@99  w=(0.81,0.27,0.13,0.03)
[epoch 120] val_data_mse=1.6111 val_combined=2.0767 best=1.8012@103  w=(0.72,0.40,0.20,0.04)
[epoch 140] val_data_mse=1.5467 val_combined=1.8628 best=1.6710@139  w=(0.62,0.54,0.27,0.05)
[epoch 160] val_data_mse=1.5456 val_combined=1.5365 best=1.5365@160  w=(0.53,0.67,0.34,0.07)
[epoch 180] val_data_mse=1.6114 val_combined=1.7486 best=1.4989@178  w=(0.44,0.80,0.40,0.08)
[epoch 200] val_data_mse=1.5748 val_combined=1.5851 best=1.4810@197  w=(0.34,0.94,0.47,0.09)
[epoch 220] val_data_mse=1.6841 val_combined=1.6362 best=1.4810@197  w=(0.30,1.00,0.50,0.10)
[early stop] no val improvement for 40 epochs
[train] best val_combined=1.4810 @epoch 197 -> pinn/checkpoints/v2/stable/dagger_full/round3_best.pt
