[dagger round 1] config 1/48 done (104 candidates, 101 kept so far)
[dagger round 1] config 2/48 done (105 candidates, 191 kept so far)
[dagger round 1] config 3/48 done (150 candidates, 341 kept so far)
[dagger round 1] config 4/48 done (58 candidates, 390 kept so far)
[dagger round 1] config 5/48 done (84 candidates, 468 kept so far)
[dagger round 1] config 6/48 done (105 candidates, 570 kept so far)
[dagger round 1] config 7/48 done (81 candidates, 648 kept so far)
[dagger round 1] config 8/48 done (128 candidates, 755 kept so far)
[dagger round 1] config 9/48 done (82 candidates, 832 kept so far)
[dagger round 1] config 10/48 done (105 candidates, 934 kept so far)
[dagger round 1] config 11/48 done (61 candidates, 989 kept so far)
[dagger round 1] config 12/48 done (83 candidates, 1061 kept so far)
[dagger round 1] config 13/48 done (127 candidates, 1185 kept so far)
[dagger round 1] config 14/48 done (81 candidates, 1253 kept so far)
[dagger round 1] config 15/48 done (37 candidates, 1282 kept so far)
[dagger round 1] config 16/48 done (61 candidates, 1335 kept so far)
[dagger round 1] config 17/48 done (150 candidates, 1483 kept so far)
[dagger round 1] config 18/48 done (122 candidates, 1568 kept so far)
[dagger round 1] config 19/48 done (83 candidates, 1644 kept so far)
[dagger round 1] config 20/48 done (83 candidates, 1718 kept so far)
[dagger round 1] config 21/48 done (107 candidates, 1817 kept so far)
[dagger round 1] config 22/48 done (104 candidates, 1913 kept so far)
[dagger round 1] config 23/48 done (103 candidates, 2014 kept so far)
[dagger round 1] config 24/48 done (105 candidates, 2114 kept so far)
[dagger round 1] config 25/48 done (83 candidates, 2190 kept so far)
[dagger round 1] config 26/48 done (128 candidates, 2311 kept so far)
[dagger round 1] config 27/48 done (61 candidates, 2363 kept so far)
[dagger round 1] config 28/48 done (81 candidates, 2439 kept so far)
[dagger round 1] config 29/48 done (104 candidates, 2541 kept so far)
[dagger round 1] config 30/48 done (105 candidates, 2643 kept so far)
[dagger round 1] config 31/48 done (58 candidates, 2696 kept so far)
[dagger round 1] config 32/48 done (39 candidates, 2724 kept so far)
[dagger round 1] config 33/48 done (127 candidates, 2849 kept so far)
[dagger round 1] config 34/48 done (104 candidates, 2946 kept so far)
[dagger round 1] config 35/48 done (81 candidates, 3023 kept so far)
[dagger round 1] config 36/48 done (128 candidates, 3135 kept so far)
[dagger round 1] config 37/48 done (36 candidates, 3164 kept so far)
[dagger round 1] config 38/48 done (37 candidates, 3195 kept so far)
[dagger round 1] config 39/48 done (82 candidates, 3270 kept so far)
[dagger round 1] config 40/48 done (85 candidates, 3350 kept so far)
[dagger round 1] config 41/48 done (105 candidates, 3452 kept so far)
[dagger round 1] config 42/48 done (39 candidates, 3482 kept so far)
[dagger round 1] config 43/48 done (83 candidates, 3559 kept so far)
[dagger round 1] config 44/48 done (77 candidates, 3618 kept so far)
[dagger round 1] config 45/48 done (127 candidates, 3743 kept so far)
[dagger round 1] config 46/48 done (106 candidates, 3843 kept so far)
[dagger round 1] config 47/48 done (105 candidates, 3945 kept so far)
[dagger round 1] config 48/48 done (128 candidates, 4063 kept so far)
[dagger round 1] added 4063 relabeled points -> pinn/data/v2s_dagger_data_only/dataset_round1.npz
[epoch   0] val_data_mse=1.1508 val_combined=0.3452 best=0.3452@0  w=(1.00,0.00,0.00,0.00)
[epoch  20] val_data_mse=1.0752 val_combined=0.3225 best=0.3180@11  w=(1.00,0.00,0.00,0.00)
[epoch  40] val_data_mse=1.0185 val_combined=0.3056 best=0.3056@40  w=(1.00,0.00,0.00,0.00)
[epoch  60] val_data_mse=1.1632 val_combined=0.3490 best=0.2984@41  w=(1.00,0.00,0.00,0.00)
[epoch  80] val_data_mse=1.0691 val_combined=0.3207 best=0.2984@41  w=(0.91,0.00,0.00,0.00)
[epoch 100] val_data_mse=1.1843 val_combined=0.3553 best=0.2984@41  w=(0.81,0.00,0.00,0.00)
[epoch 120] val_data_mse=1.2459 val_combined=0.3738 best=0.2984@41  w=(0.72,0.00,0.00,0.00)
[epoch 140] val_data_mse=1.2154 val_combined=0.3646 best=0.2984@41  w=(0.62,0.00,0.00,0.00)
[epoch 160] val_data_mse=1.2455 val_combined=0.3736 best=0.2984@41  w=(0.53,0.00,0.00,0.00)
[epoch 180] val_data_mse=1.1929 val_combined=0.3579 best=0.2984@41  w=(0.44,0.00,0.00,0.00)
[epoch 200] val_data_mse=1.2460 val_combined=0.3738 best=0.2984@41  w=(0.34,0.00,0.00,0.00)
[early stop] no val improvement for 40 epochs
[train] best val_combined=0.2984 @epoch 41 -> pinn/checkpoints/v2/stable/dagger_data_only/round1_best.pt
[dagger round 2] config 1/48 done (111 candidates, 99 kept so far)
[dagger round 2] config 2/48 done (62 candidates, 150 kept so far)
[dagger round 2] config 3/48 done (83 candidates, 226 kept so far)
[dagger round 2] config 4/48 done (84 candidates, 307 kept so far)
[dagger round 2] config 5/48 done (129 candidates, 433 kept so far)
[dagger round 2] config 6/48 done (83 candidates, 511 kept so far)
[dagger round 2] config 7/48 done (62 candidates, 568 kept so far)
[dagger round 2] config 8/48 done (105 candidates, 671 kept so far)
[dagger round 2] config 9/48 done (24 candidates, 685 kept so far)
[dagger round 2] config 10/48 done (66 candidates, 742 kept so far)
[dagger round 2] config 11/48 done (79 candidates, 791 kept so far)
[dagger round 2] config 12/48 done (127 candidates, 913 kept so far)
[dagger round 2] config 13/48 done (106 candidates, 1010 kept so far)
[dagger round 2] config 14/48 done (105 candidates, 1112 kept so far)
[dagger round 2] config 15/48 done (107 candidates, 1210 kept so far)
[dagger round 2] config 16/48 done (87 candidates, 1288 kept so far)
[dagger round 2] config 17/48 done (106 candidates, 1386 kept so far)
[dagger round 2] config 18/48 done (108 candidates, 1490 kept so far)
[dagger round 2] config 19/48 done (150 candidates, 1634 kept so far)
[dagger round 2] config 20/48 done (68 candidates, 1687 kept so far)
[dagger round 2] config 21/48 done (64 candidates, 1739 kept so far)
[dagger round 2] config 22/48 done (106 candidates, 1835 kept so far)
[dagger round 2] config 23/48 done (64 candidates, 1886 kept so far)
[dagger round 2] config 24/48 done (85 candidates, 1963 kept so far)
[dagger round 2] config 25/48 done (86 candidates, 2043 kept so far)
[dagger round 2] config 26/48 done (104 candidates, 2140 kept so far)
[dagger round 2] config 27/48 done (61 candidates, 2191 kept so far)
[dagger round 2] config 28/48 done (106 candidates, 2294 kept so far)
[dagger round 2] config 29/48 done (150 candidates, 2444 kept so far)
[dagger round 2] config 30/48 done (40 candidates, 2476 kept so far)
[dagger round 2] config 31/48 done (74 candidates, 2530 kept so far)
[dagger round 2] config 32/48 done (113 candidates, 2635 kept so far)
[dagger round 2] config 33/48 done (69 candidates, 2694 kept so far)
[dagger round 2] config 34/48 done (104 candidates, 2796 kept so far)
[dagger round 2] config 35/48 done (61 candidates, 2851 kept so far)
[dagger round 2] config 36/48 done (38 candidates, 2880 kept so far)
[dagger round 2] config 37/48 done (83 candidates, 2951 kept so far)
[dagger round 2] config 38/48 done (60 candidates, 3003 kept so far)
[dagger round 2] config 39/48 done (95 candidates, 3088 kept so far)
[dagger round 2] config 40/48 done (88 candidates, 3169 kept so far)
[dagger round 2] config 41/48 done (83 candidates, 3247 kept so far)
[dagger round 2] config 42/48 done (43 candidates, 3282 kept so far)
[dagger round 2] config 43/48 done (63 candidates, 3336 kept so far)
[dagger round 2] config 44/48 done (128 candidates, 3462 kept so far)
[dagger round 2] config 45/48 done (84 candidates, 3540 kept so far)
[dagger round 2] config 46/48 done (105 candidates, 3640 kept so far)
[dagger round 2] config 47/48 done (113 candidates, 3743 kept so far)
[dagger round 2] config 48/48 done (85 candidates, 3822 kept so far)
[dagger round 2] added 3822 relabeled points -> pinn/data/v2s_dagger_data_only/dataset_round2.npz
[epoch   0] val_data_mse=1.3648 val_combined=0.4094 best=0.4094@0  w=(1.00,0.00,0.00,0.00)
[epoch  20] val_data_mse=1.3138 val_combined=0.3941 best=0.3570@3  w=(1.00,0.00,0.00,0.00)
[epoch  40] val_data_mse=1.2860 val_combined=0.3858 best=0.3552@21  w=(1.00,0.00,0.00,0.00)
[epoch  60] val_data_mse=1.4627 val_combined=0.4388 best=0.3552@21  w=(1.00,0.00,0.00,0.00)
[epoch  80] val_data_mse=1.5035 val_combined=0.4510 best=0.3552@21  w=(0.91,0.00,0.00,0.00)
[epoch 100] val_data_mse=1.4911 val_combined=0.4473 best=0.3552@21  w=(0.81,0.00,0.00,0.00)
[epoch 120] val_data_mse=1.5324 val_combined=0.4597 best=0.3552@21  w=(0.72,0.00,0.00,0.00)
[epoch 140] val_data_mse=1.5209 val_combined=0.4563 best=0.3552@21  w=(0.62,0.00,0.00,0.00)
[epoch 160] val_data_mse=1.5763 val_combined=0.4729 best=0.3552@21  w=(0.53,0.00,0.00,0.00)
[epoch 180] val_data_mse=1.6095 val_combined=0.4829 best=0.3552@21  w=(0.44,0.00,0.00,0.00)
[epoch 200] val_data_mse=1.6205 val_combined=0.4862 best=0.3552@21  w=(0.34,0.00,0.00,0.00)
[early stop] no val improvement for 40 epochs
[train] best val_combined=0.3552 @epoch 21 -> pinn/checkpoints/v2/stable/dagger_data_only/round2_best.pt
[dagger round 3] config 1/48 done (84 candidates, 76 kept so far)
[dagger round 3] config 2/48 done (64 candidates, 133 kept so far)
[dagger round 3] config 3/48 done (113 candidates, 236 kept so far)
[dagger round 3] config 4/48 done (109 candidates, 337 kept so far)
[dagger round 3] config 5/48 done (62 candidates, 389 kept so far)
[dagger round 3] config 6/48 done (107 candidates, 492 kept so far)
[dagger round 3] config 7/48 done (128 candidates, 616 kept so far)
[dagger round 3] config 8/48 done (127 candidates, 732 kept so far)
[dagger round 3] config 9/48 done (106 candidates, 834 kept so far)
[dagger round 3] config 10/48 done (95 candidates, 917 kept so far)
[dagger round 3] config 11/48 done (104 candidates, 1017 kept so far)
[dagger round 3] config 12/48 done (128 candidates, 1133 kept so far)
[dagger round 3] config 13/48 done (106 candidates, 1229 kept so far)
[dagger round 3] config 14/48 done (88 candidates, 1306 kept so far)
[dagger round 3] config 15/48 done (129 candidates, 1430 kept so far)
[dagger round 3] config 16/48 done (82 candidates, 1508 kept so far)
[dagger round 3] config 17/48 done (128 candidates, 1629 kept so far)
[dagger round 3] config 18/48 done (63 candidates, 1680 kept so far)
[dagger round 3] config 19/48 done (135 candidates, 1807 kept so far)
[dagger round 3] config 20/48 done (82 candidates, 1882 kept so far)
[dagger round 3] config 21/48 done (104 candidates, 1984 kept so far)
[dagger round 3] config 22/48 done (128 candidates, 2109 kept so far)
[dagger round 3] config 23/48 done (105 candidates, 2211 kept so far)
[dagger round 3] config 24/48 done (60 candidates, 2257 kept so far)
[dagger round 3] config 25/48 done (104 candidates, 2357 kept so far)
[dagger round 3] config 26/48 done (127 candidates, 2479 kept so far)
[dagger round 3] config 27/48 done (150 candidates, 2626 kept so far)
[dagger round 3] config 28/48 done (83 candidates, 2702 kept so far)
[dagger round 3] config 29/48 done (129 candidates, 2828 kept so far)
[dagger round 3] config 30/48 done (83 candidates, 2905 kept so far)
[dagger round 3] config 31/48 done (39 candidates, 2934 kept so far)
[dagger round 3] config 32/48 done (106 candidates, 3030 kept so far)
[dagger round 3] config 33/48 done (83 candidates, 3109 kept so far)
[dagger round 3] config 34/48 done (106 candidates, 3209 kept so far)
[dagger round 3] config 35/48 done (126 candidates, 3332 kept so far)
[dagger round 3] config 36/48 done (105 candidates, 3432 kept so far)
[dagger round 3] config 37/48 done (61 candidates, 3484 kept so far)
[dagger round 3] config 38/48 done (128 candidates, 3605 kept so far)
[dagger round 3] config 39/48 done (104 candidates, 3705 kept so far)
[dagger round 3] config 40/48 done (79 candidates, 3780 kept so far)
[dagger round 3] config 41/48 done (150 candidates, 3923 kept so far)
[dagger round 3] config 42/48 done (82 candidates, 3987 kept so far)
[dagger round 3] config 43/48 done (128 candidates, 4113 kept so far)
[dagger round 3] config 44/48 done (84 candidates, 4193 kept so far)
[dagger round 3] config 45/48 done (83 candidates, 4269 kept so far)
[dagger round 3] config 46/48 done (62 candidates, 4320 kept so far)
[dagger round 3] config 47/48 done (105 candidates, 4417 kept so far)
[dagger round 3] config 48/48 done (127 candidates, 4539 kept so far)
[dagger round 3] added 4539 relabeled points -> pinn/data/v2s_dagger_data_only/dataset_round3.npz
[epoch   0] val_data_mse=1.4227 val_combined=0.4268 best=0.4268@0  w=(1.00,0.00,0.00,0.00)
[epoch  20] val_data_mse=1.5504 val_combined=0.4651 best=0.4048@13  w=(1.00,0.00,0.00,0.00)
[epoch  40] val_data_mse=1.5300 val_combined=0.4590 best=0.4048@13  w=(1.00,0.00,0.00,0.00)
[epoch  60] val_data_mse=1.6172 val_combined=0.4852 best=0.4048@13  w=(1.00,0.00,0.00,0.00)
[epoch  80] val_data_mse=1.6524 val_combined=0.4957 best=0.4048@13  w=(0.91,0.00,0.00,0.00)
[epoch 100] val_data_mse=1.7344 val_combined=0.5203 best=0.4048@13  w=(0.81,0.00,0.00,0.00)
[epoch 120] val_data_mse=1.7552 val_combined=0.5266 best=0.4048@13  w=(0.72,0.00,0.00,0.00)
[epoch 140] val_data_mse=1.7748 val_combined=0.5325 best=0.4048@13  w=(0.62,0.00,0.00,0.00)
[epoch 160] val_data_mse=1.7243 val_combined=0.5173 best=0.4048@13  w=(0.53,0.00,0.00,0.00)
[epoch 180] val_data_mse=1.7979 val_combined=0.5394 best=0.4048@13  w=(0.44,0.00,0.00,0.00)
[epoch 200] val_data_mse=1.8311 val_combined=0.5493 best=0.4048@13  w=(0.34,0.00,0.00,0.00)
[early stop] no val improvement for 40 epochs
[train] best val_combined=0.4048 @epoch 13 -> pinn/checkpoints/v2/stable/dagger_data_only/round3_best.pt
